epoch 0: qcd share 0.14443 over 10240000 jets, 971 fetches, 136.4 s
epoch 1: qcd share 0.14419 over 10240000 jets, 971 fetches, 87.6 s
epoch 2: qcd share 0.14424 over 10240000 jets, 971 fetches, 81.1 s
epoch 3: qcd share 0.14453 over 10240000 jets, 972 fetches, 90.0 s
epoch 4: qcd share 0.14434 over 10240000 jets, 972 fetches, 84.2 s
epoch 5: qcd share 0.14465 over 10240000 jets, 972 fetches, 86.9 s
epoch 6: qcd share 0.14423 over 10240000 jets, 972 fetches, 88.9 s
epoch 7: qcd share 0.14442 over 10240000 jets, 972 fetches, 84.1 s
epoch 8: qcd share 0.14450 over 10240000 jets, 971 fetches, 80.7 s
epoch 9: qcd share 0.14425 over 10240000 jets, 971 fetches, 88.2 s
epoch 10: qcd share 0.14450 over 10240000 jets, 972 fetches, 87.5 s
epoch 11: qcd share 0.14417 over 10240000 jets, 970 fetches, 90.2 s
epoch 12: qcd share 0.14452 over 10240000 jets, 972 fetches, 92.5 s
epoch 13: qcd share 0.14441 over 10240000 jets, 971 fetches, 88.0 s
epoch 14: qcd share 0.14422 over 10240000 jets, 971 fetches, 86.6 s
epoch 15: qcd share 0.14436 over 10240000 jets, 972 fetches, 85.7 s
epoch 16: qcd share 0.14463 over 10240000 jets, 972 fetches, 86.9 s
epoch 17: qcd share 0.14413 over 10240000 jets, 973 fetches, 91.5 s
epoch 18: qcd share 0.14421 over 10240000 jets, 971 fetches, 88.8 s
epoch 19: qcd share 0.14446 over 10240000 jets, 971 fetches, 93.7 s
{
 "epochs": 20,
 "jets_per_epoch": 10240000,
 "mean_qcd_share": 0.14436913574218752,
 "sd_qcd_share": 0.000157594978660159,
 "binomial_sd": 0.0001098323866754089,
 "min": 0.1441310546875,
 "max": 0.14464541015625,
 "per_fetch": {
  "n_fetches_with_10k_jets": 19333,
  "median_jets": 10566.0,
  "sd_share": 0.0057950721286025774,
  "binomial_sd_at_median": 0.0034192046554416987,
  "min": 0.12066666666666667,
  "max": 0.16757161580228422
 },
 "v1_epoch_range_for_reference": [
  0.08,
  0.175
 ]
}
